// Jest Snapshot v1, https://goo.gl/fbAQLP

exports[`<ChatComposer /> Style should match the snapshot 1`] = `
.c0 {
  -webkit-order: 3;
  -ms-flex-order: 3;
  order: 3;
  background: #FFFFFF;
}

<div
  className="c0"
/>
`;
